../Core/Src/main.c:81:5:main	144	static
../Core/Src/main.c:153:6:SystemClock_Config	88	static
../Core/Src/main.c:194:13:MX_FDCAN1_Init	8	static
../Core/Src/main.c:237:13:MX_I2C1_Init	8	static
../Core/Src/main.c:285:13:MX_SPI1_Init	8	static
../Core/Src/main.c:325:13:MX_TIM1_Init	56	static
../Core/Src/main.c:385:13:MX_TIM2_Init	64	static
../Core/Src/main.c:444:13:MX_USART1_UART_Init	8	static
../Core/Src/main.c:492:13:MX_GPIO_Init	40	static
../Core/Src/main.c:556:6:Error_Handler	4	static,ignoring_inline_asm
