../Core/Src/main.c:81:5:main	8	static
../Core/Src/main.c:132:6:SystemClock_Config	88	static
../Core/Src/main.c:173:13:MX_FDCAN1_Init	8	static
../Core/Src/main.c:216:13:MX_I2C1_Init	8	static
../Core/Src/main.c:264:13:MX_SPI1_Init	8	static
../Core/Src/main.c:304:13:MX_TIM1_Init	56	static
../Core/Src/main.c:364:13:MX_TIM2_Init	64	static
../Core/Src/main.c:423:13:MX_USART1_UART_Init	8	static
../Core/Src/main.c:471:13:MX_GPIO_Init	40	static
../Core/Src/main.c:535:6:Error_Handler	4	static,ignoring_inline_asm
